<div class="rspec-html-messages"> <div> <div class="card"> <div class="card-header"> <h5 class="h6 mb-0">Actual</h5> </div> <div class="card-body"> <pre class="mb-0 fs-6"><code>3</code></pre> </div> </div> </div> <div class="mt-3"> <div class="card"> <div class="card-header bg-warning text-bg-warning"> <h5 class="h6 mb-0">Test failure message</h5> </div> <div class="card-body"> <pre class="failure-message mb-0 fs-6"><code>expected 3 to be &gt; 5 and be &lt; 10</code></pre> </div> </div> </div> </div>