<div class="rspec-html-messages"> <div class="mt-3"> <div class="card"> <div class="card-header bg-danger text-bg-danger"> <h5 class="h6 mb-0">Error in code</h5> </div> <div class="card-body"> <pre class="text-danger fs-6 error-message mb-0"><code class="fw-bold">Invalid configuration: missing required field &#39;api_key&#39; <span class="text-body fw-normal">MyApp::ValidationError on line 15 of /Users/test/project/lib/my_app/config.rb in &#39;validate!&#39;</span></code></pre> </div> </div> </div> </div>