<div class="rspec-html-messages"> <div> <div class="alert alert-warning" role="alert"> The test did not pass. </div> </div> <div class="mt-3"> <div class="card"> <div class="card-header bg-danger text-bg-danger"> <h5 class="h6 mb-0">Error in code</h5> </div> <div class="card-body"> <pre class="text-danger fs-6 error-message mb-0"><code class="fw-bold">undefined method `foo&#39; for nil:NilClass <span class="text-body fw-normal">NoMethodError on line 36 of /Users/test/project/spec/example_spec.rb in &#39;block (2 levels) in &lt;top (required)&gt;&#39;</span></code></pre> </div> </div> </div> </div>