<div class="rspec-html-messages"> <div> <div class="alert alert-warning" role="alert"> The test did not pass. </div> </div> <div class="mt-3"> <div class="card-group"> <div class="card"> <div class="card-header"> <h5 class="h6 mb-0">Actual</h5> </div> <div class="card-body"> <div class="font-monospace"> <div class="diff"> <ul> <li class="unchanged"><span>[</span></li> <li class="unchanged"><span> 1,</span></li> <li class="del"><del> <strong>3</strong>,</del></li> <li class="del"><del> <strong>2</strong></del></li> <li class="unchanged"><span>]</span></li> </ul> </div> </div> </div> </div> <div class="card"> <div class="card-header"> <h5 class="h6 mb-0">Expected</h5> </div> <div class="card-body"> <div class="font-monospace"> <div class="diff"> <ul> <li class="unchanged"><span>[</span></li> <li class="unchanged"><span> 1,</span></li> <li class="ins"><ins> <strong>2</strong>,</ins></li> <li class="ins"><ins> <strong>3</strong></ins></li> <li class="unchanged"><span>]</span></li> </ul> </div> </div> </div> </div> </div> </div> <div class="mt-3"> <div class="card"> <div class="card-header bg-warning text-bg-warning"> <h5 class="h6 mb-0">Test failure message</h5> </div> <div class="card-body"> <pre class="failure-message mb-0 fs-6"><code>expected collection contained: [1, 2, 3] actual collection contained: [1, 3, 2] the missing elements were: [2] the extra elements were: [3]</code></pre> </div> </div> </div> </div>