<div class="rspec-html-messages"> <div class="mt-3"> <div class="alert alert-warning" role="alert"> The test did not pass. </div> </div> <div class="mt-3"> <div class="card-group"> <div class="card"> <div class="card-header"> <h5 class="h6 mb-0">Actual</h5> </div> <div class="card-body"> <div class="font-monospace"> <div class="diff"> <ul> <li class="unchanged"><span>{</span></li> <li class="del"><del> &quot;age&quot; =&gt; <strong>25</strong>,</del></li> <li class="unchanged"><span> &quot;city&quot; =&gt; &quot;NYC&quot;,</span></li> <li class="unchanged"><span> &quot;name&quot; =&gt; &quot;Alice&quot;</span></li> <li class="unchanged"><span>}</span></li> </ul> </div> </div> </div> </div> <div class="card"> <div class="card-header"> <h5 class="h6 mb-0">Expected</h5> </div> <div class="card-body"> <div class="font-monospace"> <div class="diff"> <ul> <li class="unchanged"><span>{</span></li> <li class="ins"><ins> &quot;age&quot; =&gt; <strong>30</strong>,</ins></li> <li class="unchanged"><span> &quot;city&quot; =&gt; &quot;NYC&quot;,</span></li> <li class="unchanged"><span> &quot;name&quot; =&gt; &quot;Alice&quot;</span></li> <li class="unchanged"><span>}</span></li> </ul> </div> </div> </div> </div> </div> </div> <div class="mt-3"> <div class="card"> <div class="card-header bg-warning text-bg-warning"> <h5 class="h6 mb-0">Test failure message</h5> </div> <div class="card-body"> <pre class="failure-message mb-0 fs-6"><code>expected: {&quot;name&quot;=&gt;&quot;Alice&quot;, &quot;age&quot;=&gt;30, &quot;city&quot;=&gt;&quot;NYC&quot;} got: {&quot;name&quot;=&gt;&quot;Alice&quot;, &quot;age&quot;=&gt;25, &quot;city&quot;=&gt;&quot;NYC&quot;} (compared using ==)</code></pre> </div> </div> </div> </div>