<div class="rspec-html-messages"> <div> <div class="alert alert-warning" role="alert"> The test did not pass. </div> </div> <div class="mt-3"> <div class="card-group"> <div class="card"> <div class="card-header"> <h5 class="h6 mb-0">Actual</h5> </div> <div class="card-body"> <div class="font-monospace"> <div class="diff"> <ul> <li class="del"><del>&lt;<strong>script&gt;alert(&#39;XSS&#39;)&lt;/script</strong>&gt;</del></li> </ul> </div> </div> </div> </div> <div class="card"> <div class="card-header"> <h5 class="h6 mb-0">Expected</h5> </div> <div class="card-body"> <div class="font-monospace"> <div class="diff"> <ul> <li class="ins"><ins>&lt;<strong>div&gt;Expected&lt;/div</strong>&gt;</ins></li> </ul> </div> </div> </div> </div> </div> </div> <div class="mt-3"> <div class="card"> <div class="card-header bg-warning text-bg-warning"> <h5 class="h6 mb-0">Test failure message</h5> </div> <div class="card-body"> <pre class="failure-message mb-0 fs-6"><code>expected: &quot;&lt;div&gt;Expected&lt;/div&gt;&quot; got: &quot;&lt;script&gt;alert(&#39;XSS&#39;)&lt;/script&gt;&quot; (compared using ==)</code></pre> </div> </div> </div> </div>