<div class="rspec-html-messages"> <div> <div class="alert alert-warning" role="alert"> The test did not pass. </div> </div> <div class="mt-3"> <div class="card"> <div class="card-header"> <h5 class="h6 mb-0">Actual</h5> </div> <div class="card-body"> <pre class="mb-0 fs-6"><code>[ &quot;a&quot;, &quot;b&quot;, &quot;c&quot; ]</code></pre> </div> </div> </div> <div class="mt-3"> <div class="card"> <div class="card-header bg-warning text-bg-warning"> <h5 class="h6 mb-0">Test failure message</h5> </div> <div class="card-body"> <pre class="failure-message mb-0 fs-6"><code>expected [&quot;a&quot;, &quot;b&quot;, &quot;c&quot;] to include &quot;missing&quot;</code></pre> </div> </div> </div> </div>