<div class="rspec-html-messages"> <div class="mt-3"> <div class="alert alert-success" role="alert"> This test passed! </div> </div> <div class="mt-3"> <div class="card"> <div class="card-header"> <h5 class="h6 mb-0">Actual</h5> </div> <div class="card-body"> <pre class="mb-0 fs-6"><code>42</code></pre> </div> </div> </div> </div>