<div class="rspec-html-messages"> <div> <div class="alert alert-success" role="alert"> This test passed! </div> </div> </div>