<div class="rspec-html-messages"> <div class="mt-3"> <div class="alert alert-warning" role="alert"> The test did not pass. </div> </div> <div class="mt-3"> <div class="card-group"> <div class="card"> <div class="card-header"> <h5 class="h6 mb-0">Actual</h5> </div> <div class="card-body"> <div class="font-monospace"> <div class="diff"> <ul> <li class="del"><del><strong>bar</strong></del></li> </ul> </div> </div> </div> </div> <div class="card"> <div class="card-header"> <h5 class="h6 mb-0">Expected</h5> </div> <div class="card-body"> <div class="font-monospace"> <div class="diff"> <ul> <li class="ins"><ins><strong>foo</strong></ins></li> </ul> </div> </div> </div> </div> </div> </div> <div class="mt-3"> <div class="card"> <div class="card-header bg-warning text-bg-warning"> <h5 class="h6 mb-0">Test failure message</h5> </div> <div class="card-body"> <pre class="failure-message mb-0 fs-6"><code>expected: &quot;foo&quot; got: &quot;bar&quot; (compared using ==) Diff: @@ -1 +1 @@ -&quot;foo&quot; +&quot;bar&quot; </code></pre> </div> </div> </div> </div>